[dotenv@17.2.3] injecting env (21) from .env -- tip: ­ƒùé´©Å backup and recover secrets: https://dotenvx.com/ops
node : C:\Users\simba\Documents\Chewore\Pr
ojects\Leave Tracker\server\node_modules\p
ath-to-regexp\dist\index.js:96
At line:1 char:1
+ node index.js > error_log.txt 2>&1
+ ~~~~~~~~~~~~~~~~~~~~~~~~~~~~~~~~~~
    + CategoryInfo          : NotSpecifie 
   d: (C:\Users\simba\...ist\index.js:96  
  :String) [], RemoteException
    + FullyQualifiedErrorId : NativeComma 
   ndError
 
            throw new PathError(`Missing 
parameter name at index ${index}`, str);
            ^

PathError [TypeError]: Missing parameter 
name at index 1: *; visit 
https://git.new/pathToRegexpError for info
    at name (C:\Users\simba\Documents\Chew
ore\Projects\Leave Tracker\server\node_mod
ules\path-to-regexp\dist\index.js:96:19)
    at parse (C:\Users\simba\Documents\Che
wore\Projects\Leave Tracker\server\node_mo
dules\path-to-regexp\dist\index.js:113:68)
    at pathToRegexp (C:\Users\simba\Docume
nts\Chewore\Projects\Leave Tracker\server\
node_modules\path-to-regexp\dist\index.js:
267:58)
    at Object.match (C:\Users\simba\Docume
nts\Chewore\Projects\Leave Tracker\server\
node_modules\path-to-regexp\dist\index.js:
237:30)
    at matcher (C:\Users\simba\Documents\C
hewore\Projects\Leave Tracker\server\node_
modules\router\lib\layer.js:86:23)
    at new Layer (C:\Users\simba\Documents
\Chewore\Projects\Leave Tracker\server\nod
e_modules\router\lib\layer.js:93:62)
    at Function.route (C:\Users\simba\Docu
ments\Chewore\Projects\Leave Tracker\serve
r\node_modules\router\index.js:428:17)
    at Function.route (C:\Users\simba\Docu
ments\Chewore\Projects\Leave Tracker\serve
r\node_modules\express\lib\application.js:
257:22)
    at app.<computed> [as get] (C:\Users\s
imba\Documents\Chewore\Projects\Leave Trac
ker\server\node_modules\express\lib\applic
ation.js:478:22)
    at Object.<anonymous> (C:\Users\simba\
Documents\Chewore\Projects\Leave 
Tracker\server\index.js:1996:5) {
  originalPath: '*'
}

Node.js v22.18.0
